Optimizing Linkage Editor (V.9.05.01.000)         11-Nov-2011 19:20:59

*** Options ***

-subcommand=C:\Users\mizu\Dropbox\OS-ROBO\PINoC\DRAM_test\DRAM_test\Release\DRAM_test.hlk
-noprelink
-nodebug
-rom=D=R
-nomessage
-list="C:\Users\mizu\Dropbox\OS-ROBO\PINoC\DRAM_test\DRAM_test\Release\DRAM_test.map"
-nooptimize
-start=PResetPRG,PIntPRG/0400,P,C,C$DSEC,C$BSEC,D/0800,B,R/0FFBF20,S/0FFFD00
-nologo
-input="C:\Users\mizu\Dropbox\OS-ROBO\PINoC\DRAM_test\DRAM_test\Release\3069f_sci.obj"
-input="C:\Users\mizu\Dropbox\OS-ROBO\PINoC\DRAM_test\DRAM_test\Release\dbsct.obj"
-input="C:\Users\mizu\Dropbox\OS-ROBO\PINoC\DRAM_test\DRAM_test\Release\DRAM_test.obj"
-input="C:\Users\mizu\Dropbox\OS-ROBO\PINoC\DRAM_test\DRAM_test\Release\intprg.obj"
-input="C:\Users\mizu\Dropbox\OS-ROBO\PINoC\DRAM_test\DRAM_test\Release\resetprg.obj"
-input="C:\Users\mizu\Dropbox\OS-ROBO\PINoC\DRAM_test\DRAM_test\Release\sbrk.obj"
-library="C:\Users\mizu\Dropbox\OS-ROBO\PINoC\DRAM_test\DRAM_test\Release\DRAM_test.lib"
-output="C:\Users\mizu\Dropbox\OS-ROBO\PINoC\DRAM_test\DRAM_test\Release\DRAM_test.abs"
-end

*** Error information ***

*** Mapping List ***

SECTION                            START      END         SIZE   ALIGN

$VECT0
                                  00000000  00000003         4   2
$VECT7
                                  0000001c  0000001f         4   2
$VECT8
                                  00000020  00000023         4   2
$VECT9
                                  00000024  00000027         4   2
$VECT10
                                  00000028  0000002b         4   2
$VECT11
                                  0000002c  0000002f         4   2
$VECT12
                                  00000030  00000033         4   2
$VECT13
                                  00000034  00000037         4   2
$VECT14
                                  00000038  0000003b         4   2
$VECT15
                                  0000003c  0000003f         4   2
$VECT16
                                  00000040  00000043         4   2
$VECT17
                                  00000044  00000047         4   2
$VECT20
                                  00000050  00000053         4   2
$VECT21
                                  00000054  00000057         4   2
$VECT23
                                  0000005c  0000005f         4   2
$VECT24
                                  00000060  00000063         4   2
$VECT25
                                  00000064  00000067         4   2
$VECT26
                                  00000068  0000006b         4   2
$VECT28
                                  00000070  00000073         4   2
$VECT29
                                  00000074  00000077         4   2
$VECT30
                                  00000078  0000007b         4   2
$VECT32
                                  00000080  00000083         4   2
$VECT33
                                  00000084  00000087         4   2
$VECT34
                                  00000088  0000008b         4   2
$VECT36
                                  00000090  00000093         4   2
$VECT37
                                  00000094  00000097         4   2
$VECT38
                                  00000098  0000009b         4   2
$VECT39
                                  0000009c  0000009f         4   2
$VECT40
                                  000000a0  000000a3         4   2
$VECT41
                                  000000a4  000000a7         4   2
$VECT42
                                  000000a8  000000ab         4   2
$VECT43
                                  000000ac  000000af         4   2
$VECT44
                                  000000b0  000000b3         4   2
$VECT45
                                  000000b4  000000b7         4   2
$VECT46
                                  000000b8  000000bb         4   2
$VECT47
                                  000000bc  000000bf         4   2
$VECT52
                                  000000d0  000000d3         4   2
$VECT53
                                  000000d4  000000d7         4   2
$VECT54
                                  000000d8  000000db         4   2
$VECT55
                                  000000dc  000000df         4   2
$VECT56
                                  000000e0  000000e3         4   2
$VECT57
                                  000000e4  000000e7         4   2
$VECT58
                                  000000e8  000000eb         4   2
$VECT59
                                  000000ec  000000ef         4   2
$VECT60
                                  000000f0  000000f3         4   2
$VECT61
                                  000000f4  000000f7         4   2
$VECT62
                                  000000f8  000000fb         4   2
$VECT63
                                  000000fc  000000ff         4   2
PResetPRG
                                  00000400  00000415        16   2
PIntPRG
                                  00000416  00000473        5e   2
P
                                  00000800  00000b87       388   2
C
                                  00000b88  00000bc7        40   2
C$DSEC
                                  00000bc8  00000bd3         c   2
C$BSEC
                                  00000bd4  00000bdb         8   2
D
                                  00000bdc  00000beb        10   2
B
                                  00ffbf20  00ffc33f       420   2
R
                                  00ffc340  00ffc34f        10   2
S
                                  00fffd00  00fffeff       200   2
